// Jest Snapshot v1, https://goo.gl/fbAQLP

exports[`ReservationDetailsCard should render without issues 1`] = `
<View
  key="id"
  style={
    Object {
      "alignItems": "flex-start",
      "backgroundColor": "#FAFAFA",
      "flex": 1,
      "flexDirection": "column",
      "justifyContent": "flex-start",
      "paddingBottom": 20,
      "paddingLeft": 20,
    }
  }
>
  <Text
    style={
      Object {
        "alignItems": "center",
        "color": "#808080",
        "flex": 1,
        "fontSize": 14,
        "fontWeight": "bold",
        "justifyContent": "center",
        "paddingBottom": 20,
        "paddingHorizontal": 10,
        "paddingTop": 10,
        "paddingVertical": 10,
      }
    }
  >
    name
     at 
    hotelName
  </Text>
  <Text
    style={Object {}}
  >
    Name: 
    name
  </Text>
  <Text
    style={Object {}}
  >
    Hotel Name: 
    hotelName
  </Text>
  <Text
    style={Object {}}
  >
    From: 
    today
  </Text>
  <Text
    style={Object {}}
  >
    To: 
    tomorrow
  </Text>
</View>
`;
